Archive member included to satisfy reference by file (symbol)

c:/st/stm32cubeide_1.5.0/stm32cubeide/plugins/com.st.stm32cube.ide.mcu.externaltools.gnu-tools-for-stm32.7-2018-q2-update.win32_1.5.0.202011040924/tools/bin/../lib/gcc/arm-none-eabi/7.3.1/../../../../arm-none-eabi/lib/thumb/v7e-m/fpv4-sp/hard\libc_nano.a(lib_a-errno.o)
                              Core/Src/syscalls.o (__errno)
c:/st/stm32cubeide_1.5.0/stm32cubeide/plugins/com.st.stm32cube.ide.mcu.externaltools.gnu-tools-for-stm32.7-2018-q2-update.win32_1.5.0.202011040924/tools/bin/../lib/gcc/arm-none-eabi/7.3.1/../../../../arm-none-eabi/lib/thumb/v7e-m/fpv4-sp/hard\libc_nano.a(lib_a-exit.o)
                              c:/st/stm32cubeide_1.5.0/stm32cubeide/plugins/com.st.stm32cube.ide.mcu.externaltools.gnu-tools-for-stm32.7-2018-q2-update.win32_1.5.0.202011040924/tools/bin/../lib/gcc/arm-none-eabi/7.3.1/../../../../arm-none-eabi/lib/thumb/v7e-m/fpv4-sp/hard/crt0.o (exit)
c:/st/stm32cubeide_1.5.0/stm32cubeide/plugins/com.st.stm32cube.ide.mcu.externaltools.gnu-tools-for-stm32.7-2018-q2-update.win32_1.5.0.202011040924/tools/bin/../lib/gcc/arm-none-eabi/7.3.1/../../../../arm-none-eabi/lib/thumb/v7e-m/fpv4-sp/hard\libc_nano.a(lib_a-impure.o)
                              c:/st/stm32cubeide_1.5.0/stm32cubeide/plugins/com.st.stm32cube.ide.mcu.externaltools.gnu-tools-for-stm32.7-2018-q2-update.win32_1.5.0.202011040924/tools/bin/../lib/gcc/arm-none-eabi/7.3.1/../../../../arm-none-eabi/lib/thumb/v7e-m/fpv4-sp/hard\libc_nano.a(lib_a-exit.o) (_global_impure_ptr)
c:/st/stm32cubeide_1.5.0/stm32cubeide/plugins/com.st.stm32cube.ide.mcu.externaltools.gnu-tools-for-stm32.7-2018-q2-update.win32_1.5.0.202011040924/tools/bin/../lib/gcc/arm-none-eabi/7.3.1/../../../../arm-none-eabi/lib/thumb/v7e-m/fpv4-sp/hard\libc_nano.a(lib_a-init.o)
                              c:/st/stm32cubeide_1.5.0/stm32cubeide/plugins/com.st.stm32cube.ide.mcu.externaltools.gnu-tools-for-stm32.7-2018-q2-update.win32_1.5.0.202011040924/tools/bin/../lib/gcc/arm-none-eabi/7.3.1/../../../../arm-none-eabi/lib/thumb/v7e-m/fpv4-sp/hard/crt0.o (__libc_init_array)
c:/st/stm32cubeide_1.5.0/stm32cubeide/plugins/com.st.stm32cube.ide.mcu.externaltools.gnu-tools-for-stm32.7-2018-q2-update.win32_1.5.0.202011040924/tools/bin/../lib/gcc/arm-none-eabi/7.3.1/../../../../arm-none-eabi/lib/thumb/v7e-m/fpv4-sp/hard\libc_nano.a(lib_a-memset.o)
                              c:/st/stm32cubeide_1.5.0/stm32cubeide/plugins/com.st.stm32cube.ide.mcu.externaltools.gnu-tools-for-stm32.7-2018-q2-update.win32_1.5.0.202011040924/tools/bin/../lib/gcc/arm-none-eabi/7.3.1/../../../../arm-none-eabi/lib/thumb/v7e-m/fpv4-sp/hard/crt0.o (memset)
c:/st/stm32cubeide_1.5.0/stm32cubeide/plugins/com.st.stm32cube.ide.mcu.externaltools.gnu-tools-for-stm32.7-2018-q2-update.win32_1.5.0.202011040924/tools/bin/../lib/gcc/arm-none-eabi/7.3.1/thumb/v7e-m/fpv4-sp/hard\libgcc.a(_aeabi_ldivmod.o)
                              Drivers/STM32F4xx_HAL_Driver/Src/stm32f4xx_hal_rcc.o (__aeabi_ldivmod)
c:/st/stm32cubeide_1.5.0/stm32cubeide/plugins/com.st.stm32cube.ide.mcu.externaltools.gnu-tools-for-stm32.7-2018-q2-update.win32_1.5.0.202011040924/tools/bin/../lib/gcc/arm-none-eabi/7.3.1/thumb/v7e-m/fpv4-sp/hard\libgcc.a(_aeabi_uldivmod.o)
                              Drivers/STM32F4xx_HAL_Driver/Src/stm32f4xx_hal_rcc.o (__aeabi_uldivmod)
c:/st/stm32cubeide_1.5.0/stm32cubeide/plugins/com.st.stm32cube.ide.mcu.externaltools.gnu-tools-for-stm32.7-2018-q2-update.win32_1.5.0.202011040924/tools/bin/../lib/gcc/arm-none-eabi/7.3.1/thumb/v7e-m/fpv4-sp/hard\libgcc.a(_udivmoddi4.o)
                              c:/st/stm32cubeide_1.5.0/stm32cubeide/plugins/com.st.stm32cube.ide.mcu.externaltools.gnu-tools-for-stm32.7-2018-q2-update.win32_1.5.0.202011040924/tools/bin/../lib/gcc/arm-none-eabi/7.3.1/thumb/v7e-m/fpv4-sp/hard\libgcc.a(_aeabi_ldivmod.o) (__udivmoddi4)
c:/st/stm32cubeide_1.5.0/stm32cubeide/plugins/com.st.stm32cube.ide.mcu.externaltools.gnu-tools-for-stm32.7-2018-q2-update.win32_1.5.0.202011040924/tools/bin/../lib/gcc/arm-none-eabi/7.3.1/thumb/v7e-m/fpv4-sp/hard\libgcc.a(_dvmd_tls.o)
                              c:/st/stm32cubeide_1.5.0/stm32cubeide/plugins/com.st.stm32cube.ide.mcu.externaltools.gnu-tools-for-stm32.7-2018-q2-update.win32_1.5.0.202011040924/tools/bin/../lib/gcc/arm-none-eabi/7.3.1/thumb/v7e-m/fpv4-sp/hard\libgcc.a(_aeabi_ldivmod.o) (__aeabi_ldiv0)

Allocating common symbols
Common symbol       size              file

Motor_X             0x288             App/app_main.o
uwTick              0x4               Drivers/STM32F4xx_HAL_Driver/Src/stm32f4xx_hal.o
pFlash              0x20              Drivers/STM32F4xx_HAL_Driver/Src/stm32f4xx_hal_flash.o
hspi1               0x58              Core/Src/spi.o
huart2              0x40              Core/Src/usart.o

Discarded input sections

[...]
Memory Configuration

Name             Origin             Length             Attributes
RAM              0x0000000020000000 0x0000000000018000 xrw
FLASH            0x0000000008000000 0x0000000000080000 xr
*default*        0x0000000000000000 0xffffffffffffffff

Linker script and memory map

LOAD c:/st/stm32cubeide_1.5.0/stm32cubeide/plugins/com.st.stm32cube.ide.mcu.externaltools.gnu-tools-for-stm32.7-2018-q2-update.win32_1.5.0.202011040924/tools/bin/../lib/gcc/arm-none-eabi/7.3.1/thumb/v7e-m/fpv4-sp/hard/crti.o
LOAD c:/st/stm32cubeide_1.5.0/stm32cubeide/plugins/com.st.stm32cube.ide.mcu.externaltools.gnu-tools-for-stm32.7-2018-q2-update.win32_1.5.0.202011040924/tools/bin/../lib/gcc/arm-none-eabi/7.3.1/thumb/v7e-m/fpv4-sp/hard/crtbegin.o
LOAD c:/st/stm32cubeide_1.5.0/stm32cubeide/plugins/com.st.stm32cube.ide.mcu.externaltools.gnu-tools-for-stm32.7-2018-q2-update.win32_1.5.0.202011040924/tools/bin/../lib/gcc/arm-none-eabi/7.3.1/../../../../arm-none-eabi/lib/thumb/v7e-m/fpv4-sp/hard/crt0.o
LOAD App/app_main.o
LOAD Core/Src/delay_us.o
LOAD Core/Src/gpio.o
LOAD Core/Src/main.o
LOAD Core/Src/spi.o
LOAD Core/Src/stm32f4xx_hal_msp.o
LOAD Core/Src/stm32f4xx_it.o
LOAD Core/Src/syscalls.o
LOAD Core/Src/sysmem.o
LOAD Core/Src/system_stm32f4xx.o
LOAD Core/Src/usart.o
LOAD Core/Startup/startup_stm32f401retx.o
LOAD Drivers/STM32F4xx_HAL_Driver/Src/stm32f4xx_hal.o
LOAD Drivers/STM32F4xx_HAL_Driver/Src/stm32f4xx_hal_cortex.o
LOAD Drivers/STM32F4xx_HAL_Driver/Src/stm32f4xx_hal_dma.o
LOAD Drivers/STM32F4xx_HAL_Driver/Src/stm32f4xx_hal_dma_ex.o
LOAD Drivers/STM32F4xx_HAL_Driver/Src/stm32f4xx_hal_exti.o
LOAD Drivers/STM32F4xx_HAL_Driver/Src/stm32f4xx_hal_flash.o
LOAD Drivers/STM32F4xx_HAL_Driver/Src/stm32f4xx_hal_flash_ex.o
LOAD Drivers/STM32F4xx_HAL_Driver/Src/stm32f4xx_hal_flash_ramfunc.o
LOAD Drivers/STM32F4xx_HAL_Driver/Src/stm32f4xx_hal_gpio.o
LOAD Drivers/STM32F4xx_HAL_Driver/Src/stm32f4xx_hal_pwr.o
LOAD Drivers/STM32F4xx_HAL_Driver/Src/stm32f4xx_hal_pwr_ex.o
LOAD Drivers/STM32F4xx_HAL_Driver/Src/stm32f4xx_hal_rcc.o
LOAD Drivers/STM32F4xx_HAL_Driver/Src/stm32f4xx_hal_rcc_ex.o
LOAD Drivers/STM32F4xx_HAL_Driver/Src/stm32f4xx_hal_spi.o
LOAD Drivers/STM32F4xx_HAL_Driver/Src/stm32f4xx_hal_tim.o
LOAD Drivers/STM32F4xx_HAL_Driver/Src/stm32f4xx_hal_tim_ex.o
LOAD Drivers/STM32F4xx_HAL_Driver/Src/stm32f4xx_hal_uart.o
LOAD TMC5130/tmc5160.o
LOAD TMC5130/tmc5160_io.o
LOAD Trinamic/tmc/helpers/CRC.o
LOAD Trinamic/tmc/helpers/Functions.o
START GROUP
LOAD c:/st/stm32cubeide_1.5.0/stm32cubeide/plugins/com.st.stm32cube.ide.mcu.externaltools.gnu-tools-for-stm32.7-2018-q2-update.win32_1.5.0.202011040924/tools/bin/../lib/gcc/arm-none-eabi/7.3.1/../../../../arm-none-eabi/lib/thumb/v7e-m/fpv4-sp/hard\libc_nano.a
LOAD c:/st/stm32cubeide_1.5.0/stm32cubeide/plugins/com.st.stm32cube.ide.mcu.externaltools.gnu-tools-for-stm32.7-2018-q2-update.win32_1.5.0.202011040924/tools/bin/../lib/gcc/arm-none-eabi/7.3.1/../../../../arm-none-eabi/lib/thumb/v7e-m/fpv4-sp/hard\libm.a
END GROUP
START GROUP
LOAD c:/st/stm32cubeide_1.5.0/stm32cubeide/plugins/com.st.stm32cube.ide.mcu.externaltools.gnu-tools-for-stm32.7-2018-q2-update.win32_1.5.0.202011040924/tools/bin/../lib/gcc/arm-none-eabi/7.3.1/thumb/v7e-m/fpv4-sp/hard\libgcc.a
LOAD c:/st/stm32cubeide_1.5.0/stm32cubeide/plugins/com.st.stm32cube.ide.mcu.externaltools.gnu-tools-for-stm32.7-2018-q2-update.win32_1.5.0.202011040924/tools/bin/../lib/gcc/arm-none-eabi/7.3.1/../../../../arm-none-eabi/lib/thumb/v7e-m/fpv4-sp/hard\libc_nano.a
END GROUP
START GROUP
LOAD c:/st/stm32cubeide_1.5.0/stm32cubeide/plugins/com.st.stm32cube.ide.mcu.externaltools.gnu-tools-for-stm32.7-2018-q2-update.win32_1.5.0.202011040924/tools/bin/../lib/gcc/arm-none-eabi/7.3.1/thumb/v7e-m/fpv4-sp/hard\libgcc.a
LOAD c:/st/stm32cubeide_1.5.0/stm32cubeide/plugins/com.st.stm32cube.ide.mcu.externaltools.gnu-tools-for-stm32.7-2018-q2-update.win32_1.5.0.202011040924/tools/bin/../lib/gcc/arm-none-eabi/7.3.1/../../../../arm-none-eabi/lib/thumb/v7e-m/fpv4-sp/hard\libc_nano.a
LOAD c:/st/stm32cubeide_1.5.0/stm32cubeide/plugins/com.st.stm32cube.ide.mcu.externaltools.gnu-tools-for-stm32.7-2018-q2-update.win32_1.5.0.202011040924/tools/bin/../lib/gcc/arm-none-eabi/7.3.1/../../../../arm-none-eabi/lib/thumb/v7e-m/fpv4-sp/hard\libnosys.a
END GROUP
START GROUP
LOAD c:/st/stm32cubeide_1.5.0/stm32cubeide/plugins/com.st.stm32cube.ide.mcu.externaltools.gnu-tools-for-stm32.7-2018-q2-update.win32_1.5.0.202011040924/tools/bin/../lib/gcc/arm-none-eabi/7.3.1/thumb/v7e-m/fpv4-sp/hard\libgcc.a
LOAD c:/st/stm32cubeide_1.5.0/stm32cubeide/plugins/com.st.stm32cube.ide.mcu.externaltools.gnu-tools-for-stm32.7-2018-q2-update.win32_1.5.0.202011040924/tools/bin/../lib/gcc/arm-none-eabi/7.3.1/../../../../arm-none-eabi/lib/thumb/v7e-m/fpv4-sp/hard\libc_nano.a
LOAD c:/st/stm32cubeide_1.5.0/stm32cubeide/plugins/com.st.stm32cube.ide.mcu.externaltools.gnu-tools-for-stm32.7-2018-q2-update.win32_1.5.0.202011040924/tools/bin/../lib/gcc/arm-none-eabi/7.3.1/../../../../arm-none-eabi/lib/thumb/v7e-m/fpv4-sp/hard\libnosys.a
END GROUP
LOAD c:/st/stm32cubeide_1.5.0/stm32cubeide/plugins/com.st.stm32cube.ide.mcu.externaltools.gnu-tools-for-stm32.7-2018-q2-update.win32_1.5.0.202011040924/tools/bin/../lib/gcc/arm-none-eabi/7.3.1/thumb/v7e-m/fpv4-sp/hard/crtend.o
LOAD c:/st/stm32cubeide_1.5.0/stm32cubeide/plugins/com.st.stm32cube.ide.mcu.externaltools.gnu-tools-for-stm32.7-2018-q2-update.win32_1.5.0.202011040924/tools/bin/../lib/gcc/arm-none-eabi/7.3.1/thumb/v7e-m/fpv4-sp/hard/crtn.o
                0x0000000020018000                _estack = (ORIGIN (RAM) + LENGTH (RAM))
                0x0000000000000200                _Min_Heap_Size = 0x200
                0x0000000000000400                _Min_Stack_Size = 0x400

.isr_vector     0x0000000008000000      0x194
                0x0000000008000000                . = ALIGN (0x4)
 *(.isr_vector)
 .isr_vector    0x0000000008000000      0x194 Core/Startup/startup_stm32f401retx.o
                0x0000000008000000                g_pfnVectors
                0x0000000008000194                . = ALIGN (0x4)

.text           0x0000000008000194     0x2744
                0x0000000008000194                . = ALIGN (0x4)
 *(.text)
 .text          0x0000000008000194       0x40 c:/st/stm32cubeide_1.5.0/stm32cubeide/plugins/com.st.stm32cube.ide.mcu.externaltools.gnu-tools-for-stm32.7-2018-q2-update.win32_1.5.0.202011040924/tools/bin/../lib/gcc/arm-none-eabi/7.3.1/thumb/v7e-m/fpv4-sp/hard/crtbegin.o
 .text          0x00000000080001d4       0x30 c:/st/stm32cubeide_1.5.0/stm32cubeide/plugins/com.st.stm32cube.ide.mcu.externaltools.gnu-tools-for-stm32.7-2018-q2-update.win32_1.5.0.202011040924/tools/bin/../lib/gcc/arm-none-eabi/7.3.1/thumb/v7e-m/fpv4-sp/hard\libgcc.a(_aeabi_uldivmod.o)
                0x00000000080001d4                __aeabi_uldivmod
 .text          0x0000000008000204      0x2cc c:/st/stm32cubeide_1.5.0/stm32cubeide/plugins/com.st.stm32cube.ide.mcu.externaltools.gnu-tools-for-stm32.7-2018-q2-update.win32_1.5.0.202011040924/tools/bin/../lib/gcc/arm-none-eabi/7.3.1/thumb/v7e-m/fpv4-sp/hard\libgcc.a(_udivmoddi4.o)
                0x0000000008000204                __udivmoddi4
 .text          0x00000000080004d0        0x4 c:/st/stm32cubeide_1.5.0/stm32cubeide/plugins/com.st.stm32cube.ide.mcu.externaltools.gnu-tools-for-stm32.7-2018-q2-update.win32_1.5.0.202011040924/tools/bin/../lib/gcc/arm-none-eabi/7.3.1/thumb/v7e-m/fpv4-sp/hard\libgcc.a(_dvmd_tls.o)
                0x00000000080004d0                __aeabi_idiv0
                0x00000000080004d0                __aeabi_ldiv0
 *(.text*)
 .text.App_Main
                0x00000000080004d4       0xf0 App/app_main.o
                0x00000000080004d4                App_Main
 .text.MX_GPIO_Init
                0x00000000080005c4      0x174 Core/Src/gpio.o
                0x00000000080005c4                MX_GPIO_Init
 .text.SystemClock_Config
                0x0000000008000738       0x94 Core/Src/main.o
                0x0000000008000738                SystemClock_Config
 .text.startup.main
                0x00000000080007cc       0x1c Core/Src/main.o
                0x00000000080007cc                main
 .text.Error_Handler
                0x00000000080007e8        0x4 Core/Src/main.o
                0x00000000080007e8                Error_Handler
 .text.assert_failed
                0x00000000080007ec        0x4 Core/Src/main.o
                0x00000000080007ec                assert_failed
 .text.MX_SPI1_Init
                0x00000000080007f0       0x4c Core/Src/spi.o
                0x00000000080007f0                MX_SPI1_Init
 .text.HAL_SPI_MspInit
                0x000000000800083c       0x6c Core/Src/spi.o
                0x000000000800083c                HAL_SPI_MspInit
 .text.HAL_MspInit
                0x00000000080008a8       0x38 Core/Src/stm32f4xx_hal_msp.o
                0x00000000080008a8                HAL_MspInit
 .text.NMI_Handler
                0x00000000080008e0        0x4 Core/Src/stm32f4xx_it.o
                0x00000000080008e0                NMI_Handler
 .text.HardFault_Handler
                0x00000000080008e4        0x4 Core/Src/stm32f4xx_it.o
                0x00000000080008e4                HardFault_Handler
 .text.MemManage_Handler
                0x00000000080008e8        0x4 Core/Src/stm32f4xx_it.o
                0x00000000080008e8                MemManage_Handler
 .text.BusFault_Handler
                0x00000000080008ec        0x4 Core/Src/stm32f4xx_it.o
                0x00000000080008ec                BusFault_Handler
 .text.UsageFault_Handler
                0x00000000080008f0        0x4 Core/Src/stm32f4xx_it.o
                0x00000000080008f0                UsageFault_Handler
 .text.SVC_Handler
                0x00000000080008f4        0x4 Core/Src/stm32f4xx_it.o
                0x00000000080008f4                SVC_Handler
 .text.DebugMon_Handler
                0x00000000080008f8        0x4 Core/Src/stm32f4xx_it.o
                0x00000000080008f8                DebugMon_Handler
 .text.PendSV_Handler
                0x00000000080008fc        0x4 Core/Src/stm32f4xx_it.o
                0x00000000080008fc                PendSV_Handler
 .text.SysTick_Handler
                0x0000000008000900        0x4 Core/Src/stm32f4xx_it.o
                0x0000000008000900                SysTick_Handler
 .text.SystemInit
                0x0000000008000904       0x1c Core/Src/system_stm32f4xx.o
                0x0000000008000904                SystemInit
 .text.MX_USART2_UART_Init
                0x0000000008000920       0x38 Core/Src/usart.o
                0x0000000008000920                MX_USART2_UART_Init
 .text.HAL_UART_MspInit
                0x0000000008000958       0x68 Core/Src/usart.o
                0x0000000008000958                HAL_UART_MspInit
 .text.Reset_Handler
                0x00000000080009c0       0x50 Core/Startup/startup_stm32f401retx.o
                0x00000000080009c0                Reset_Handler
 .text.Default_Handler
                0x0000000008000a10        0x2 Core/Startup/startup_stm32f401retx.o
                0x0000000008000a10                RTC_Alarm_IRQHandler
                0x0000000008000a10                EXTI2_IRQHandler
                0x0000000008000a10                SPI4_IRQHandler
                0x0000000008000a10                TIM1_CC_IRQHandler
                0x0000000008000a10                DMA2_Stream5_IRQHandler
                0x0000000008000a10                DMA1_Stream5_IRQHandler
                0x0000000008000a10                PVD_IRQHandler
                0x0000000008000a10                SDIO_IRQHandler
                0x0000000008000a10                TAMP_STAMP_IRQHandler
                0x0000000008000a10                EXTI3_IRQHandler
                0x0000000008000a10                TIM1_UP_TIM10_IRQHandler
                0x0000000008000a10                I2C3_ER_IRQHandler
                0x0000000008000a10                EXTI0_IRQHandler
                0x0000000008000a10                I2C2_EV_IRQHandler
                0x0000000008000a10                DMA1_Stream2_IRQHandler
                0x0000000008000a10                FPU_IRQHandler
                0x0000000008000a10                DMA2_Stream2_IRQHandler
                0x0000000008000a10                SPI1_IRQHandler
                0x0000000008000a10                TIM1_BRK_TIM9_IRQHandler
                0x0000000008000a10                DMA2_Stream3_IRQHandler
                0x0000000008000a10                USART6_IRQHandler
                0x0000000008000a10                DMA2_Stream0_IRQHandler
                0x0000000008000a10                TIM4_IRQHandler
                0x0000000008000a10                I2C1_EV_IRQHandler
                0x0000000008000a10                DMA1_Stream6_IRQHandler
                0x0000000008000a10                DMA1_Stream1_IRQHandler
                0x0000000008000a10                TIM3_IRQHandler
                0x0000000008000a10                RCC_IRQHandler
                0x0000000008000a10                Default_Handler
                0x0000000008000a10                EXTI15_10_IRQHandler
                0x0000000008000a10                ADC_IRQHandler
                0x0000000008000a10                DMA1_Stream7_IRQHandler
                0x0000000008000a10                TIM5_IRQHandler
                0x0000000008000a10                DMA2_Stream7_IRQHandler
                0x0000000008000a10                I2C3_EV_IRQHandler
                0x0000000008000a10                EXTI9_5_IRQHandler
                0x0000000008000a10                RTC_WKUP_IRQHandler
                0x0000000008000a10                SPI2_IRQHandler
                0x0000000008000a10                DMA1_Stream0_IRQHandler
                0x0000000008000a10                EXTI4_IRQHandler
                0x0000000008000a10                WWDG_IRQHandler
                0x0000000008000a10                TIM2_IRQHandler
                0x0000000008000a10                OTG_FS_WKUP_IRQHandler
                0x0000000008000a10                TIM1_TRG_COM_TIM11_IRQHandler
                0x0000000008000a10                EXTI1_IRQHandler
                0x0000000008000a10                USART2_IRQHandler
                0x0000000008000a10                I2C2_ER_IRQHandler
                0x0000000008000a10                DMA2_Stream1_IRQHandler
                0x0000000008000a10                FLASH_IRQHandler
                0x0000000008000a10                DMA2_Stream4_IRQHandler
                0x0000000008000a10                USART1_IRQHandler
                0x0000000008000a10                OTG_FS_IRQHandler
                0x0000000008000a10                SPI3_IRQHandler
                0x0000000008000a10                DMA1_Stream4_IRQHandler
                0x0000000008000a10                I2C1_ER_IRQHandler
                0x0000000008000a10                DMA2_Stream6_IRQHandler
                0x0000000008000a10                DMA1_Stream3_IRQHandler
 *fill*         0x0000000008000a12        0x2 
 .text.HAL_InitTick
                0x0000000008000a14       0x48 Drivers/STM32F4xx_HAL_Driver/Src/stm32f4xx_hal.o
                0x0000000008000a14                HAL_InitTick
 .text.HAL_Init
                0x0000000008000a5c       0x34 Drivers/STM32F4xx_HAL_Driver/Src/stm32f4xx_hal.o
                0x0000000008000a5c                HAL_Init
 .text.HAL_IncTick
                0x0000000008000a90       0x18 Drivers/STM32F4xx_HAL_Driver/Src/stm32f4xx_hal.o
                0x0000000008000a90                HAL_IncTick
 .text.HAL_GetTick
                0x0000000008000aa8        0xc Drivers/STM32F4xx_HAL_Driver/Src/stm32f4xx_hal.o
                0x0000000008000aa8                HAL_GetTick
 .text.HAL_NVIC_SetPriorityGrouping
                0x0000000008000ab4       0x38 Drivers/STM32F4xx_HAL_Driver/Src/stm32f4xx_hal_cortex.o
                0x0000000008000ab4                HAL_NVIC_SetPriorityGrouping
 .text.HAL_NVIC_SetPriority
                0x0000000008000aec       0x8c Drivers/STM32F4xx_HAL_Driver/Src/stm32f4xx_hal_cortex.o
                0x0000000008000aec                HAL_NVIC_SetPriority
 .text.HAL_SYSTICK_Config
                0x0000000008000b78       0x34 Drivers/STM32F4xx_HAL_Driver/Src/stm32f4xx_hal_cortex.o
                0x0000000008000b78                HAL_SYSTICK_Config
 .text.HAL_GPIO_Init
                0x0000000008000bac      0x29c Drivers/STM32F4xx_HAL_Driver/Src/stm32f4xx_hal_gpio.o
                0x0000000008000bac                HAL_GPIO_Init
 .text.HAL_GPIO_WritePin
                0x0000000008000e48       0x34 Drivers/STM32F4xx_HAL_Driver/Src/stm32f4xx_hal_gpio.o
                0x0000000008000e48                HAL_GPIO_WritePin
 .text.HAL_RCC_OscConfig
                0x0000000008000e7c      0x4e8 Drivers/STM32F4xx_HAL_Driver/Src/stm32f4xx_hal_rcc.o
                0x0000000008000e7c                HAL_RCC_OscConfig
 .text.HAL_RCC_GetSysClockFreq
                0x0000000008001364       0x6c Drivers/STM32F4xx_HAL_Driver/Src/stm32f4xx_hal_rcc.o
                0x0000000008001364                HAL_RCC_GetSysClockFreq
 .text.HAL_RCC_ClockConfig
                0x00000000080013d0      0x210 Drivers/STM32F4xx_HAL_Driver/Src/stm32f4xx_hal_rcc.o
                0x00000000080013d0                HAL_RCC_ClockConfig
 .text.HAL_RCC_GetPCLK1Freq
                0x00000000080015e0       0x20 Drivers/STM32F4xx_HAL_Driver/Src/stm32f4xx_hal_rcc.o
                0x00000000080015e0                HAL_RCC_GetPCLK1Freq
 .text.HAL_RCC_GetPCLK2Freq
                0x0000000008001600       0x20 Drivers/STM32F4xx_HAL_Driver/Src/stm32f4xx_hal_rcc.o
                0x0000000008001600                HAL_RCC_GetPCLK2Freq
 .text.unlikely.SPI_WaitFlagStateUntilTimeout.part.0
                0x0000000008001620       0x50 Drivers/STM32F4xx_HAL_Driver/Src/stm32f4xx_hal_spi.o
 .text.HAL_SPI_Init
                0x0000000008001670      0x1a8 Drivers/STM32F4xx_HAL_Driver/Src/stm32f4xx_hal_spi.o
                0x0000000008001670                HAL_SPI_Init
 .text.HAL_SPI_Transmit
                0x0000000008001818      0x264 Drivers/STM32F4xx_HAL_Driver/Src/stm32f4xx_hal_spi.o
                0x0000000008001818                HAL_SPI_Transmit
 .text.HAL_SPI_TransmitReceive
                0x0000000008001a7c      0x364 Drivers/STM32F4xx_HAL_Driver/Src/stm32f4xx_hal_spi.o
                0x0000000008001a7c                HAL_SPI_TransmitReceive
 .text.HAL_SPI_Receive
                0x0000000008001de0      0x26c Drivers/STM32F4xx_HAL_Driver/Src/stm32f4xx_hal_spi.o
                0x0000000008001de0                HAL_SPI_Receive
 .text.HAL_UART_Init
                0x000000000800204c      0x250 Drivers/STM32F4xx_HAL_Driver/Src/stm32f4xx_hal_uart.o
                0x000000000800204c                HAL_UART_Init
 .text.TMC5160_Run
                0x000000000800229c       0x28 TMC5130/tmc5160.o
                0x000000000800229c                TMC5160_Run
 .text.TMC5160_Set_VEL_MAX
                0x00000000080022c4       0x2c TMC5130/tmc5160.o
                0x00000000080022c4                TMC5160_Set_VEL_MAX
 .text.TMC5160_Set_ACC_MAX
                0x00000000080022f0        0x8 TMC5130/tmc5160.o
                0x00000000080022f0                TMC5160_Set_ACC_MAX
 .text.TMC5160_Set_I_MAX
                0x00000000080022f8       0x24 TMC5130/tmc5160.o
                0x00000000080022f8                TMC5160_Set_I_MAX
 .text.TMC5160_Set_I_STBY
                0x000000000800231c       0x24 TMC5130/tmc5160.o
                0x000000000800231c                TMC5160_Set_I_STBY
 .text.TMC5160_Set_Auto_Right_Stop
                0x0000000008002340       0x30 TMC5130/tmc5160.o
                0x0000000008002340                TMC5160_Set_Auto_Right_Stop
 .text.TMC5160_Set_Auto_Left_Stop
                0x0000000008002370       0x30 TMC5130/tmc5160.o
                0x0000000008002370                TMC5160_Set_Auto_Left_Stop
 .text.TMC5160_Set_ACC_A1
                0x00000000080023a0        0x8 TMC5130/tmc5160.o
                0x00000000080023a0                TMC5160_Set_ACC_A1
 .text.TMC5160_Set_VEL_V1
                0x00000000080023a8        0x8 TMC5130/tmc5160.o
                0x00000000080023a8                TMC5160_Set_VEL_V1
 .text.TMC5160_Set_DEC_MAX
                0x00000000080023b0        0x8 TMC5130/tmc5160.o
                0x00000000080023b0                TMC5160_Set_DEC_MAX
 .text.TMC5160_Set_DEC_D1
                0x00000000080023b8        0x8 TMC5130/tmc5160.o
                0x00000000080023b8                TMC5160_Set_DEC_D1
 .text.TMC5160_Set_VEL_Start
                0x00000000080023c0        0x8 TMC5130/tmc5160.o
                0x00000000080023c0                TMC5160_Set_VEL_Start
 .text.TMC5160_Set_VEL_Stop
                0x00000000080023c8        0x8 TMC5130/tmc5160.o
                0x00000000080023c8                TMC5160_Set_VEL_Stop
 .text.TMC5160_Set_SE_HSpeed_THRESH
                0x00000000080023d0       0x24 TMC5130/tmc5160.o
                0x00000000080023d0                TMC5160_Set_SE_HSpeed_THRESH
 .text.TMC5160_Set_Microstep_Resolution
                0x00000000080023f4        0x4 TMC5130/tmc5160.o
                0x00000000080023f4                TMC5160_Set_Microstep_Resolution
 .text.TMC5160_Set_Chopper_Blank_Time
                0x00000000080023f8       0x24 TMC5130/tmc5160.o
                0x00000000080023f8                TMC5160_Set_Chopper_Blank_Time
 .text.TMC5160_Set_Chopper_TOff
                0x000000000800241c       0x24 TMC5130/tmc5160.o
                0x000000000800241c                TMC5160_Set_Chopper_TOff
 .text.TMC5160_Set_SE_I_MIN
                0x0000000008002440       0x24 TMC5130/tmc5160.o
                0x0000000008002440                TMC5160_Set_SE_I_MIN
 .text.TMC5160_Set_SE_I_DWN_Step
                0x0000000008002464       0x24 TMC5130/tmc5160.o
                0x0000000008002464                TMC5160_Set_SE_I_DWN_Step
 .text.TMC5160_Set_SE_HYS
                0x0000000008002488       0x24 TMC5130/tmc5160.o
                0x0000000008002488                TMC5160_Set_SE_HYS
 .text.TMC5160_Set_stallGuard2_THRESH
                0x00000000080024ac       0x24 TMC5130/tmc5160.o
                0x00000000080024ac                TMC5160_Set_stallGuard2_THRESH
 .text.TMC5160_Set_SE_Speed_THRESH
                0x00000000080024d0       0x24 TMC5130/tmc5160.o
                0x00000000080024d0                TMC5160_Set_SE_Speed_THRESH
 .text.TMC5160_IO_Init
                0x00000000080024f4      0x148 TMC5130/tmc5160_io.o
                0x00000000080024f4                TMC5160_IO_Init
 .text.TMC5160_Write_Register
                0x000000000800263c       0xa8 TMC5130/tmc5160_io.o
                0x000000000800263c                TMC5160_Write_Register
 .text.My_Write_Register
                0x00000000080026e4       0x8c TMC5130/tmc5160_io.o
                0x00000000080026e4                My_Write_Register
 .text.TMC5160_Read_Register
                0x0000000008002770      0x108 TMC5130/tmc5160_io.o
                0x0000000008002770                TMC5160_Read_Register
 .text.__libc_init_array
                0x0000000008002878       0x48 c:/st/stm32cubeide_1.5.0/stm32cubeide/plugins/com.st.stm32cube.ide.mcu.externaltools.gnu-tools-for-stm32.7-2018-q2-update.win32_1.5.0.202011040924/tools/bin/../lib/gcc/arm-none-eabi/7.3.1/../../../../arm-none-eabi/lib/thumb/v7e-m/fpv4-sp/hard\libc_nano.a(lib_a-init.o)
                0x0000000008002878                __libc_init_array
 *(.glue_7)
 .glue_7        0x00000000080028c0        0x0 linker stubs
 *(.glue_7t)
 .glue_7t       0x00000000080028c0        0x0 linker stubs
 *(.eh_frame)
 .eh_frame      0x00000000080028c0        0x0 c:/st/stm32cubeide_1.5.0/stm32cubeide/plugins/com.st.stm32cube.ide.mcu.externaltools.gnu-tools-for-stm32.7-2018-q2-update.win32_1.5.0.202011040924/tools/bin/../lib/gcc/arm-none-eabi/7.3.1/thumb/v7e-m/fpv4-sp/hard/crtbegin.o
 *(.init)
 .init          0x00000000080028c0        0x4 c:/st/stm32cubeide_1.5.0/stm32cubeide/plugins/com.st.stm32cube.ide.mcu.externaltools.gnu-tools-for-stm32.7-2018-q2-update.win32_1.5.0.202011040924/tools/bin/../lib/gcc/arm-none-eabi/7.3.1/thumb/v7e-m/fpv4-sp/hard/crti.o
                0x00000000080028c0                _init
 .init          0x00000000080028c4        0x8 c:/st/stm32cubeide_1.5.0/stm32cubeide/plugins/com.st.stm32cube.ide.mcu.externaltools.gnu-tools-for-stm32.7-2018-q2-update.win32_1.5.0.202011040924/tools/bin/../lib/gcc/arm-none-eabi/7.3.1/thumb/v7e-m/fpv4-sp/hard/crtn.o
 *(.fini)
 .fini          0x00000000080028cc        0x4 c:/st/stm32cubeide_1.5.0/stm32cubeide/plugins/com.st.stm32cube.ide.mcu.externaltools.gnu-tools-for-stm32.7-2018-q2-update.win32_1.5.0.202011040924/tools/bin/../lib/gcc/arm-none-eabi/7.3.1/thumb/v7e-m/fpv4-sp/hard/crti.o
                0x00000000080028cc                _fini
 .fini          0x00000000080028d0        0x8 c:/st/stm32cubeide_1.5.0/stm32cubeide/plugins/com.st.stm32cube.ide.mcu.externaltools.gnu-tools-for-stm32.7-2018-q2-update.win32_1.5.0.202011040924/tools/bin/../lib/gcc/arm-none-eabi/7.3.1/thumb/v7e-m/fpv4-sp/hard/crtn.o
                0x00000000080028d8                . = ALIGN (0x4)
                0x00000000080028d8                _etext = .

.vfp11_veneer   0x00000000080028d8        0x0
 .vfp11_veneer  0x00000000080028d8        0x0 linker stubs

.v4_bx          0x00000000080028d8        0x0
 .v4_bx         0x00000000080028d8        0x0 linker stubs

.iplt           0x00000000080028d8        0x0
 .iplt          0x00000000080028d8        0x0 c:/st/stm32cubeide_1.5.0/stm32cubeide/plugins/com.st.stm32cube.ide.mcu.externaltools.gnu-tools-for-stm32.7-2018-q2-update.win32_1.5.0.202011040924/tools/bin/../lib/gcc/arm-none-eabi/7.3.1/thumb/v7e-m/fpv4-sp/hard/crtbegin.o

.rodata         0x00000000080028d8      0x1bc
                0x00000000080028d8                . = ALIGN (0x4)
 *(.rodata)
 *(.rodata*)
 .rodata.AHBPrescTable
                0x00000000080028d8       0x10 Core/Src/system_stm32f4xx.o
                0x00000000080028d8                AHBPrescTable
 .rodata.APBPrescTable
                0x00000000080028e8        0x8 Core/Src/system_stm32f4xx.o
                0x00000000080028e8                APBPrescTable
 .rodata.HAL_NVIC_SetPriorityGrouping.str1.4
                0x00000000080028f0       0x3b Drivers/STM32F4xx_HAL_Driver/Src/stm32f4xx_hal_cortex.o
 *fill*         0x000000000800292b        0x1 
 .rodata.HAL_GPIO_Init.str1.4
                0x000000000800292c       0x39 Drivers/STM32F4xx_HAL_Driver/Src/stm32f4xx_hal_gpio.o
 *fill*         0x0000000008002965        0x3 
 .rodata.HAL_RCC_OscConfig.str1.4
                0x0000000008002968       0x38 Drivers/STM32F4xx_HAL_Driver/Src/stm32f4xx_hal_rcc.o
 .rodata.HAL_SPI_Init.str1.4
                0x00000000080029a0       0x38 Drivers/STM32F4xx_HAL_Driver/Src/stm32f4xx_hal_spi.o
 .rodata.HAL_UART_Init.str1.4
                0x00000000080029d8       0x3c Drivers/STM32F4xx_HAL_Driver/Src/stm32f4xx_hal_uart.o
                                         0x39 (size before relaxing)
 .rodata.TMC5160_defaultRegisterAccess
                0x0000000008002a14       0x80 TMC5130/tmc5160_io.o
                0x0000000008002a94                . = ALIGN (0x4)

.ARM.extab      0x0000000008002a94        0x0
                0x0000000008002a94                . = ALIGN (0x4)
 *(.ARM.extab* .gnu.linkonce.armextab.*)
                0x0000000008002a94                . = ALIGN (0x4)

.ARM            0x0000000008002a94        0x8
                0x0000000008002a94                . = ALIGN (0x4)
                0x0000000008002a94                __exidx_start = .
 *(.ARM.exidx*)
 .ARM.exidx     0x0000000008002a94        0x8 c:/st/stm32cubeide_1.5.0/stm32cubeide/plugins/com.st.stm32cube.ide.mcu.externaltools.gnu-tools-for-stm32.7-2018-q2-update.win32_1.5.0.202011040924/tools/bin/../lib/gcc/arm-none-eabi/7.3.1/thumb/v7e-m/fpv4-sp/hard\libgcc.a(_udivmoddi4.o)
                0x0000000008002a9c                __exidx_end = .
                0x0000000008002a9c                . = ALIGN (0x4)

.rel.dyn        0x0000000008002a9c        0x0
 .rel.iplt      0x0000000008002a9c        0x0 c:/st/stm32cubeide_1.5.0/stm32cubeide/plugins/com.st.stm32cube.ide.mcu.externaltools.gnu-tools-for-stm32.7-2018-q2-update.win32_1.5.0.202011040924/tools/bin/../lib/gcc/arm-none-eabi/7.3.1/thumb/v7e-m/fpv4-sp/hard/crtbegin.o

.preinit_array  0x0000000008002a9c        0x0
                0x0000000008002a9c                . = ALIGN (0x4)
                0x0000000008002a9c                PROVIDE (__preinit_array_start = .)
 *(.preinit_array*)
                0x0000000008002a9c                PROVIDE (__preinit_array_end = .)
                0x0000000008002a9c                . = ALIGN (0x4)

.init_array     0x0000000008002a9c        0x4
                0x0000000008002a9c                . = ALIGN (0x4)
                0x0000000008002a9c                PROVIDE (__init_array_start = .)
 *(SORT_BY_NAME(.init_array.*))
 *(.init_array*)
 .init_array    0x0000000008002a9c        0x4 c:/st/stm32cubeide_1.5.0/stm32cubeide/plugins/com.st.stm32cube.ide.mcu.externaltools.gnu-tools-for-stm32.7-2018-q2-update.win32_1.5.0.202011040924/tools/bin/../lib/gcc/arm-none-eabi/7.3.1/thumb/v7e-m/fpv4-sp/hard/crtbegin.o
                0x0000000008002aa0                PROVIDE (__init_array_end = .)
                0x0000000008002aa0                . = ALIGN (0x4)

.fini_array     0x0000000008002aa0        0x4
                0x0000000008002aa0                . = ALIGN (0x4)
                [!provide]                        PROVIDE (__fini_array_start = .)
 *(SORT_BY_NAME(.fini_array.*))
 *(.fini_array*)
 .fini_array    0x0000000008002aa0        0x4 c:/st/stm32cubeide_1.5.0/stm32cubeide/plugins/com.st.stm32cube.ide.mcu.externaltools.gnu-tools-for-stm32.7-2018-q2-update.win32_1.5.0.202011040924/tools/bin/../lib/gcc/arm-none-eabi/7.3.1/thumb/v7e-m/fpv4-sp/hard/crtbegin.o
                [!provide]                        PROVIDE (__fini_array_end = .)
                0x0000000008002aa4                . = ALIGN (0x4)
                0x0000000008002aa4                _sidata = LOADADDR (.data)

.data           0x0000000020000000        0xc load address 0x0000000008002aa4
                0x0000000020000000                . = ALIGN (0x4)
                0x0000000020000000                _sdata = .
 *(.data)
 *(.data*)
 .data.SystemCoreClock
                0x0000000020000000        0x4 Core/Src/system_stm32f4xx.o
                0x0000000020000000                SystemCoreClock
 .data.uwTickFreq
                0x0000000020000004        0x1 Drivers/STM32F4xx_HAL_Driver/Src/stm32f4xx_hal.o
                0x0000000020000004                uwTickFreq
 *fill*         0x0000000020000005        0x3 
 .data.uwTickPrio
                0x0000000020000008        0x4 Drivers/STM32F4xx_HAL_Driver/Src/stm32f4xx_hal.o
                0x0000000020000008                uwTickPrio
                0x000000002000000c                . = ALIGN (0x4)
                0x000000002000000c                _edata = .

.igot.plt       0x000000002000000c        0x0 load address 0x0000000008002ab0
 .igot.plt      0x000000002000000c        0x0 c:/st/stm32cubeide_1.5.0/stm32cubeide/plugins/com.st.stm32cube.ide.mcu.externaltools.gnu-tools-for-stm32.7-2018-q2-update.win32_1.5.0.202011040924/tools/bin/../lib/gcc/arm-none-eabi/7.3.1/thumb/v7e-m/fpv4-sp/hard/crtbegin.o
                0x000000002000000c                . = ALIGN (0x4)

.bss            0x000000002000000c      0x344 load address 0x0000000008002ab0
                0x000000002000000c                _sbss = .
                0x000000002000000c                __bss_start__ = _sbss
 *(.bss)
 .bss           0x000000002000000c       0x1c c:/st/stm32cubeide_1.5.0/stm32cubeide/plugins/com.st.stm32cube.ide.mcu.externaltools.gnu-tools-for-stm32.7-2018-q2-update.win32_1.5.0.202011040924/tools/bin/../lib/gcc/arm-none-eabi/7.3.1/thumb/v7e-m/fpv4-sp/hard/crtbegin.o
 *(.bss*)
 .bss.vmax_position
                0x0000000020000028        0x4 TMC5130/tmc5160.o
 *(COMMON)
 COMMON         0x000000002000002c      0x288 App/app_main.o
                0x000000002000002c                Motor_X
 COMMON         0x00000000200002b4       0x58 Core/Src/spi.o
                0x00000000200002b4                hspi1
 COMMON         0x000000002000030c       0x40 Core/Src/usart.o
                0x000000002000030c                huart2
 COMMON         0x000000002000034c        0x4 Drivers/STM32F4xx_HAL_Driver/Src/stm32f4xx_hal.o
                0x000000002000034c                uwTick
                0x0000000020000350                . = ALIGN (0x4)
                0x0000000020000350                _ebss = .
                0x0000000020000350                __bss_end__ = _ebss

._user_heap_stack
                0x0000000020000350      0x600 load address 0x0000000008002ab0
                0x0000000020000350                . = ALIGN (0x8)
                0x0000000020000350                PROVIDE (end = .)
                [!provide]                        PROVIDE (_end = .)
                0x0000000020000550                . = (. + _Min_Heap_Size)
 *fill*         0x0000000020000350      0x200 
                0x0000000020000950                . = (. + _Min_Stack_Size)
 *fill*         0x0000000020000550      0x400 
                0x0000000020000950                . = ALIGN (0x8)

/DISCARD/
 libc.a(*)
 libm.a(*)
 libgcc.a(*)

.ARM.attributes
                0x0000000000000000       0x30
 *(.ARM.attributes)
 .ARM.attributes
                0x0000000000000000       0x22 c:/st/stm32cubeide_1.5.0/stm32cubeide/plugins/com.st.stm32cube.ide.mcu.externaltools.gnu-tools-for-stm32.7-2018-q2-update.win32_1.5.0.202011040924/tools/bin/../lib/gcc/arm-none-eabi/7.3.1/thumb/v7e-m/fpv4-sp/hard/crti.o
 .ARM.attributes
                0x0000000000000022       0x34 c:/st/stm32cubeide_1.5.0/stm32cubeide/plugins/com.st.stm32cube.ide.mcu.externaltools.gnu-tools-for-stm32.7-2018-q2-update.win32_1.5.0.202011040924/tools/bin/../lib/gcc/arm-none-eabi/7.3.1/thumb/v7e-m/fpv4-sp/hard/crtbegin.o
 .ARM.attributes
                0x0000000000000056       0x35 App/app_main.o
 .ARM.attributes
                0x000000000000008b       0x35 Core/Src/gpio.o
 .ARM.attributes
                0x00000000000000c0       0x35 Core/Src/main.o
 .ARM.attributes
                0x00000000000000f5       0x35 Core/Src/spi.o
 .ARM.attributes
                0x000000000000012a       0x35 Core/Src/stm32f4xx_hal_msp.o
 .ARM.attributes
                0x000000000000015f       0x35 Core/Src/stm32f4xx_it.o
 .ARM.attributes
                0x0000000000000194       0x35 Core/Src/system_stm32f4xx.o
 .ARM.attributes
                0x00000000000001c9       0x35 Core/Src/usart.o
 .ARM.attributes
                0x00000000000001fe       0x21 Core/Startup/startup_stm32f401retx.o
 .ARM.attributes
                0x000000000000021f       0x35 Drivers/STM32F4xx_HAL_Driver/Src/stm32f4xx_hal.o
 .ARM.attributes
                0x0000000000000254       0x35 Drivers/STM32F4xx_HAL_Driver/Src/stm32f4xx_hal_cortex.o
 .ARM.attributes
                0x0000000000000289       0x35 Drivers/STM32F4xx_HAL_Driver/Src/stm32f4xx_hal_gpio.o
 .ARM.attributes
                0x00000000000002be       0x35 Drivers/STM32F4xx_HAL_Driver/Src/stm32f4xx_hal_rcc.o
 .ARM.attributes
                0x00000000000002f3       0x35 Drivers/STM32F4xx_HAL_Driver/Src/stm32f4xx_hal_spi.o
 .ARM.attributes
                0x0000000000000328       0x35 Drivers/STM32F4xx_HAL_Driver/Src/stm32f4xx_hal_uart.o
 .ARM.attributes
                0x000000000000035d       0x35 TMC5130/tmc5160.o
 .ARM.attributes
                0x0000000000000392       0x35 TMC5130/tmc5160_io.o
 .ARM.attributes
                0x00000000000003c7       0x34 c:/st/stm32cubeide_1.5.0/stm32cubeide/plugins/com.st.stm32cube.ide.mcu.externaltools.gnu-tools-for-stm32.7-2018-q2-update.win32_1.5.0.202011040924/tools/bin/../lib/gcc/arm-none-eabi/7.3.1/../../../../arm-none-eabi/lib/thumb/v7e-m/fpv4-sp/hard\libc_nano.a(lib_a-init.o)
 .ARM.attributes
                0x00000000000003fb       0x22 c:/st/stm32cubeide_1.5.0/stm32cubeide/plugins/com.st.stm32cube.ide.mcu.externaltools.gnu-tools-for-stm32.7-2018-q2-update.win32_1.5.0.202011040924/tools/bin/../lib/gcc/arm-none-eabi/7.3.1/thumb/v7e-m/fpv4-sp/hard\libgcc.a(_aeabi_uldivmod.o)
 .ARM.attributes
                0x000000000000041d       0x34 c:/st/stm32cubeide_1.5.0/stm32cubeide/plugins/com.st.stm32cube.ide.mcu.externaltools.gnu-tools-for-stm32.7-2018-q2-update.win32_1.5.0.202011040924/tools/bin/../lib/gcc/arm-none-eabi/7.3.1/thumb/v7e-m/fpv4-sp/hard\libgcc.a(_udivmoddi4.o)
 .ARM.attributes
                0x0000000000000451       0x22 c:/st/stm32cubeide_1.5.0/stm32cubeide/plugins/com.st.stm32cube.ide.mcu.externaltools.gnu-tools-for-stm32.7-2018-q2-update.win32_1.5.0.202011040924/tools/bin/../lib/gcc/arm-none-eabi/7.3.1/thumb/v7e-m/fpv4-sp/hard\libgcc.a(_dvmd_tls.o)
 .ARM.attributes
                0x0000000000000473       0x22 c:/st/stm32cubeide_1.5.0/stm32cubeide/plugins/com.st.stm32cube.ide.mcu.externaltools.gnu-tools-for-stm32.7-2018-q2-update.win32_1.5.0.202011040924/tools/bin/../lib/gcc/arm-none-eabi/7.3.1/thumb/v7e-m/fpv4-sp/hard/crtn.o
OUTPUT(STM32_TMC5130.elf elf32-littlearm)

.debug_info     0x0000000000000000    0x10232
 .debug_info    0x0000000000000000     0x1344 App/app_main.o
 .debug_info    0x0000000000001344      0x68d Core/Src/gpio.o
 .debug_info    0x00000000000019d1      0xcf1 Core/Src/main.o
 .debug_info    0x00000000000026c2      0xa5b Core/Src/spi.o
 .debug_info    0x000000000000311d      0x38c Core/Src/stm32f4xx_hal_msp.o
 .debug_info    0x00000000000034a9      0x20b Core/Src/stm32f4xx_it.o
 .debug_info    0x00000000000036b4      0x583 Core/Src/system_stm32f4xx.o
 .debug_info    0x0000000000003c37      0x9ed Core/Src/usart.o
 .debug_info    0x0000000000004624       0x22 Core/Startup/startup_stm32f401retx.o
 .debug_info    0x0000000000004646      0x9cc Drivers/STM32F4xx_HAL_Driver/Src/stm32f4xx_hal.o
 .debug_info    0x0000000000005012     0x1187 Drivers/STM32F4xx_HAL_Driver/Src/stm32f4xx_hal_cortex.o
 .debug_info    0x0000000000006199      0x94a Drivers/STM32F4xx_HAL_Driver/Src/stm32f4xx_hal_gpio.o
 .debug_info    0x0000000000006ae3      0xd8b Drivers/STM32F4xx_HAL_Driver/Src/stm32f4xx_hal_rcc.o
 .debug_info    0x000000000000786e     0x2c42 Drivers/STM32F4xx_HAL_Driver/Src/stm32f4xx_hal_spi.o
 .debug_info    0x000000000000a4b0     0x1d11 Drivers/STM32F4xx_HAL_Driver/Src/stm32f4xx_hal_uart.o
 .debug_info    0x000000000000c1c1     0x3207 TMC5130/tmc5160.o
 .debug_info    0x000000000000f3c8      0xe6a TMC5130/tmc5160_io.o

.debug_abbrev   0x0000000000000000     0x245b
 .debug_abbrev  0x0000000000000000      0x218 App/app_main.o
 .debug_abbrev  0x0000000000000218      0x16b Core/Src/gpio.o
 .debug_abbrev  0x0000000000000383      0x208 Core/Src/main.o
 .debug_abbrev  0x000000000000058b      0x1d8 Core/Src/spi.o
 .debug_abbrev  0x0000000000000763      0x109 Core/Src/stm32f4xx_hal_msp.o
 .debug_abbrev  0x000000000000086c      0x117 Core/Src/stm32f4xx_it.o
 .debug_abbrev  0x0000000000000983      0x12b Core/Src/system_stm32f4xx.o
 .debug_abbrev  0x0000000000000aae      0x1d8 Core/Src/usart.o
 .debug_abbrev  0x0000000000000c86       0x12 Core/Startup/startup_stm32f401retx.o
 .debug_abbrev  0x0000000000000c98      0x26b Drivers/STM32F4xx_HAL_Driver/Src/stm32f4xx_hal.o
 .debug_abbrev  0x0000000000000f03      0x367 Drivers/STM32F4xx_HAL_Driver/Src/stm32f4xx_hal_cortex.o
 .debug_abbrev  0x000000000000126a      0x22b Drivers/STM32F4xx_HAL_Driver/Src/stm32f4xx_hal_gpio.o
 .debug_abbrev  0x0000000000001495      0x2d4 Drivers/STM32F4xx_HAL_Driver/Src/stm32f4xx_hal_rcc.o
 .debug_abbrev  0x0000000000001769      0x39a Drivers/STM32F4xx_HAL_Driver/Src/stm32f4xx_hal_spi.o
 .debug_abbrev  0x0000000000001b03      0x334 Drivers/STM32F4xx_HAL_Driver/Src/stm32f4xx_hal_uart.o
 .debug_abbrev  0x0000000000001e37      0x3b5 TMC5130/tmc5160.o
 .debug_abbrev  0x00000000000021ec      0x26f TMC5130/tmc5160_io.o

.debug_aranges  0x0000000000000000      0xa78
 .debug_aranges
                0x0000000000000000       0x20 App/app_main.o
 .debug_aranges
                0x0000000000000020       0x20 Core/Src/gpio.o
 .debug_aranges
                0x0000000000000040       0x38 Core/Src/main.o
 .debug_aranges
                0x0000000000000078       0x30 Core/Src/spi.o
 .debug_aranges
                0x00000000000000a8       0x20 Core/Src/stm32f4xx_hal_msp.o
 .debug_aranges
                0x00000000000000c8       0x48 Core/Src/stm32f4xx_it.o
 .debug_aranges
                0x0000000000000110       0x28 Core/Src/system_stm32f4xx.o
 .debug_aranges
                0x0000000000000138       0x30 Core/Src/usart.o
 .debug_aranges
                0x0000000000000168       0x28 Core/Startup/startup_stm32f401retx.o
 .debug_aranges
                0x0000000000000190       0xe8 Drivers/STM32F4xx_HAL_Driver/Src/stm32f4xx_hal.o
 .debug_aranges
                0x0000000000000278       0xa8 Drivers/STM32F4xx_HAL_Driver/Src/stm32f4xx_hal_cortex.o
 .debug_aranges
                0x0000000000000320       0x58 Drivers/STM32F4xx_HAL_Driver/Src/stm32f4xx_hal_gpio.o
 .debug_aranges
                0x0000000000000378       0x88 Drivers/STM32F4xx_HAL_Driver/Src/stm32f4xx_hal_rcc.o
 .debug_aranges
                0x0000000000000400      0x168 Drivers/STM32F4xx_HAL_Driver/Src/stm32f4xx_hal_spi.o
 .debug_aranges
                0x0000000000000568      0x158 Drivers/STM32F4xx_HAL_Driver/Src/stm32f4xx_hal_uart.o
 .debug_aranges
                0x00000000000006c0      0x380 TMC5130/tmc5160.o
 .debug_aranges
                0x0000000000000a40       0x38 TMC5130/tmc5160_io.o

.debug_ranges   0x0000000000000000     0x1700
 .debug_ranges  0x0000000000000000       0x10 App/app_main.o
 .debug_ranges  0x0000000000000010       0x48 Core/Src/gpio.o
 .debug_ranges  0x0000000000000058       0x70 Core/Src/main.o
 .debug_ranges  0x00000000000000c8       0x50 Core/Src/spi.o
 .debug_ranges  0x0000000000000118       0x10 Core/Src/stm32f4xx_hal_msp.o
 .debug_ranges  0x0000000000000128       0x38 Core/Src/stm32f4xx_it.o
 .debug_ranges  0x0000000000000160       0x18 Core/Src/system_stm32f4xx.o
 .debug_ranges  0x0000000000000178       0x50 Core/Src/usart.o
 .debug_ranges  0x00000000000001c8       0x20 Core/Startup/startup_stm32f401retx.o
 .debug_ranges  0x00000000000001e8       0xd8 Drivers/STM32F4xx_HAL_Driver/Src/stm32f4xx_hal.o
 .debug_ranges  0x00000000000002c0      0x160 Drivers/STM32F4xx_HAL_Driver/Src/stm32f4xx_hal_cortex.o
 .debug_ranges  0x0000000000000420       0x68 Drivers/STM32F4xx_HAL_Driver/Src/stm32f4xx_hal_gpio.o
 .debug_ranges  0x0000000000000488      0x110 Drivers/STM32F4xx_HAL_Driver/Src/stm32f4xx_hal_rcc.o
 .debug_ranges  0x0000000000000598      0x9e8 Drivers/STM32F4xx_HAL_Driver/Src/stm32f4xx_hal_spi.o
 .debug_ranges  0x0000000000000f80      0x310 Drivers/STM32F4xx_HAL_Driver/Src/stm32f4xx_hal_uart.o
 .debug_ranges  0x0000000000001290      0x3c8 TMC5130/tmc5160.o
 .debug_ranges  0x0000000000001658       0xa8 TMC5130/tmc5160_io.o

.debug_macro    0x0000000000000000    0x17e2d
 .debug_macro   0x0000000000000000      0x2e7 App/app_main.o
 .debug_macro   0x00000000000002e7      0xa6c App/app_main.o
 .debug_macro   0x0000000000000d53       0x18 App/app_main.o
 .debug_macro   0x0000000000000d6b       0x22 App/app_main.o
 .debug_macro   0x0000000000000d8d       0x40 App/app_main.o
 .debug_macro   0x0000000000000dcd       0x94 App/app_main.o
 .debug_macro   0x0000000000000e61       0x3c App/app_main.o
 .debug_macro   0x0000000000000e9d       0x34 App/app_main.o
 .debug_macro   0x0000000000000ed1       0x16 App/app_main.o
 .debug_macro   0x0000000000000ee7      0x10e App/app_main.o
 .debug_macro   0x0000000000000ff5       0x8d App/app_main.o
 .debug_macro   0x0000000000001082       0x57 App/app_main.o
 .debug_macro   0x00000000000010d9       0x52 App/app_main.o
 .debug_macro   0x000000000000112b       0x1f App/app_main.o
 .debug_macro   0x000000000000114a       0x43 App/app_main.o
 .debug_macro   0x000000000000118d       0x20 App/app_main.o
 .debug_macro   0x00000000000011ad      0x1a3 App/app_main.o
 .debug_macro   0x0000000000001350      0x330 App/app_main.o
 .debug_macro   0x0000000000001680       0x16 App/app_main.o
 .debug_macro   0x0000000000001696       0x29 App/app_main.o
 .debug_macro   0x00000000000016bf      0x29b App/app_main.o
 .debug_macro   0x000000000000195a       0x2e App/app_main.o
 .debug_macro   0x0000000000001988       0x28 App/app_main.o
 .debug_macro   0x00000000000019b0       0xef App/app_main.o
 .debug_macro   0x0000000000001a9f       0x6a App/app_main.o
 .debug_macro   0x0000000000001b09      0x1df App/app_main.o
 .debug_macro   0x0000000000001ce8       0x1c App/app_main.o
 .debug_macro   0x0000000000001d04       0x22 App/app_main.o
 .debug_macro   0x0000000000001d26       0xd9 App/app_main.o
 .debug_macro   0x0000000000001dff     0x102d App/app_main.o
 .debug_macro   0x0000000000002e2c      0x11f App/app_main.o
 .debug_macro   0x0000000000002f4b     0xb850 App/app_main.o
 .debug_macro   0x000000000000e79b       0x43 App/app_main.o
 .debug_macro   0x000000000000e7de     0x3659 App/app_main.o
 .debug_macro   0x0000000000011e37       0x54 App/app_main.o
 .debug_macro   0x0000000000011e8b      0x416 App/app_main.o
 .debug_macro   0x00000000000122a1      0x9fe App/app_main.o
 .debug_macro   0x0000000000012c9f      0x117 App/app_main.o
 .debug_macro   0x0000000000012db6       0xf8 App/app_main.o
 .debug_macro   0x0000000000012eae       0x27 App/app_main.o
 .debug_macro   0x0000000000012ed5      0x15f App/app_main.o
 .debug_macro   0x0000000000013034      0x287 App/app_main.o
 .debug_macro   0x00000000000132bb       0x5f App/app_main.o
 .debug_macro   0x000000000001331a      0x236 App/app_main.o
 .debug_macro   0x0000000000013550      0x132 App/app_main.o
 .debug_macro   0x0000000000013682      0x264 App/app_main.o
 .debug_macro   0x00000000000138e6       0x2e App/app_main.o
 .debug_macro   0x0000000000013914      0x11a App/app_main.o
 .debug_macro   0x0000000000013a2e       0x85 App/app_main.o
 .debug_macro   0x0000000000013ab3       0x89 App/app_main.o
 .debug_macro   0x0000000000013b3c      0x225 App/app_main.o
 .debug_macro   0x0000000000013d61      0x287 App/app_main.o
 .debug_macro   0x0000000000013fe8      0x126 App/app_main.o
 .debug_macro   0x000000000001410e       0x46 App/app_main.o
 .debug_macro   0x0000000000014154       0x88 App/app_main.o
 .debug_macro   0x00000000000141dc       0x22 App/app_main.o
 .debug_macro   0x00000000000141fe      0x11e App/app_main.o
 .debug_macro   0x000000000001431c       0x10 App/app_main.o
 .debug_macro   0x000000000001432c       0xb2 App/app_main.o
 .debug_macro   0x00000000000143de      0x1dd Core/Src/gpio.o
 .debug_macro   0x00000000000145bb       0xac Core/Src/gpio.o
 .debug_macro   0x0000000000014667      0x1f5 Core/Src/main.o
 .debug_macro   0x000000000001485c      0x1dd Core/Src/spi.o
 .debug_macro   0x0000000000014a39      0x1d3 Core/Src/stm32f4xx_hal_msp.o
 .debug_macro   0x0000000000014c0c      0x1dd Core/Src/stm32f4xx_it.o
 .debug_macro   0x0000000000014de9      0x1ca Core/Src/system_stm32f4xx.o
 .debug_macro   0x0000000000014fb3      0x1dd Core/Src/usart.o
 .debug_macro   0x0000000000015190      0x224 Drivers/STM32F4xx_HAL_Driver/Src/stm32f4xx_hal.o
 .debug_macro   0x00000000000153b4      0x1c4 Drivers/STM32F4xx_HAL_Driver/Src/stm32f4xx_hal_cortex.o
 .debug_macro   0x0000000000015578      0x1fa Drivers/STM32F4xx_HAL_Driver/Src/stm32f4xx_hal_gpio.o
 .debug_macro   0x0000000000015772      0x1e8 Drivers/STM32F4xx_HAL_Driver/Src/stm32f4xx_hal_rcc.o
 .debug_macro   0x000000000001595a      0x1d3 Drivers/STM32F4xx_HAL_Driver/Src/stm32f4xx_hal_spi.o
 .debug_macro   0x0000000000015b2d      0x1c5 Drivers/STM32F4xx_HAL_Driver/Src/stm32f4xx_hal_uart.o
 .debug_macro   0x0000000000015cf2      0x2de TMC5130/tmc5160.o
 .debug_macro   0x0000000000015fd0       0x10 TMC5130/tmc5160.o
 .debug_macro   0x0000000000015fe0     0x1a63 TMC5130/tmc5160.o
 .debug_macro   0x0000000000017a43      0x17e TMC5130/tmc5160.o
 .debug_macro   0x0000000000017bc1      0x220 TMC5130/tmc5160_io.o
 .debug_macro   0x0000000000017de1       0x4c TMC5130/tmc5160_io.o

.debug_line     0x0000000000000000     0xa5e3
 .debug_line    0x0000000000000000      0x8b4 App/app_main.o
 .debug_line    0x00000000000008b4      0x6e6 Core/Src/gpio.o
 .debug_line    0x0000000000000f9a      0x718 Core/Src/main.o
 .debug_line    0x00000000000016b2      0x706 Core/Src/spi.o
 .debug_line    0x0000000000001db8      0x6a7 Core/Src/stm32f4xx_hal_msp.o
 .debug_line    0x000000000000245f      0x703 Core/Src/stm32f4xx_it.o
 .debug_line    0x0000000000002b62      0x6cf Core/Src/system_stm32f4xx.o
 .debug_line    0x0000000000003231      0x6fc Core/Src/usart.o
 .debug_line    0x000000000000392d       0x86 Core/Startup/startup_stm32f401retx.o
 .debug_line    0x00000000000039b3      0x8bb Drivers/STM32F4xx_HAL_Driver/Src/stm32f4xx_hal.o
 .debug_line    0x000000000000426e      0xa02 Drivers/STM32F4xx_HAL_Driver/Src/stm32f4xx_hal_cortex.o
 .debug_line    0x0000000000004c70      0x96d Drivers/STM32F4xx_HAL_Driver/Src/stm32f4xx_hal_gpio.o
 .debug_line    0x00000000000055dd      0xad7 Drivers/STM32F4xx_HAL_Driver/Src/stm32f4xx_hal_rcc.o
 .debug_line    0x00000000000060b4     0x179f Drivers/STM32F4xx_HAL_Driver/Src/stm32f4xx_hal_spi.o
 .debug_line    0x0000000000007853     0x141a Drivers/STM32F4xx_HAL_Driver/Src/stm32f4xx_hal_uart.o
 .debug_line    0x0000000000008c6d     0x1151 TMC5130/tmc5160.o
 .debug_line    0x0000000000009dbe      0x825 TMC5130/tmc5160_io.o

.debug_str      0x0000000000000000    0x8ce4f
 .debug_str     0x0000000000000000    0x83dbc App/app_main.o
                                      0x84101 (size before relaxing)
 .debug_str     0x0000000000083dbc      0x1bd Core/Src/gpio.o
                                      0x7feac (size before relaxing)
 .debug_str     0x0000000000083f79      0x353 Core/Src/main.o
                                      0x80585 (size before relaxing)
 .debug_str     0x00000000000842cc       0x5b Core/Src/spi.o
                                      0x80322 (size before relaxing)
 .debug_str     0x0000000000084327       0x2c Core/Src/stm32f4xx_hal_msp.o
                                      0x7fdef (size before relaxing)
 .debug_str     0x0000000000084353       0xc9 Core/Src/stm32f4xx_it.o
                                      0x7fd77 (size before relaxing)
 .debug_str     0x000000000008441c       0xc4 Core/Src/system_stm32f4xx.o
                                      0x7fc00 (size before relaxing)
 .debug_str     0x00000000000844e0       0x51 Core/Src/usart.o
                                      0x80306 (size before relaxing)
 .debug_str     0x0000000000084531       0x36 Core/Startup/startup_stm32f401retx.o
                                         0x84 (size before relaxing)
 .debug_str     0x0000000000084567      0x93f Drivers/STM32F4xx_HAL_Driver/Src/stm32f4xx_hal.o
                                      0x805be (size before relaxing)
 .debug_str     0x0000000000084ea6      0x354 Drivers/STM32F4xx_HAL_Driver/Src/stm32f4xx_hal_cortex.o
                                      0x8036a (size before relaxing)
 .debug_str     0x00000000000851fa      0x1dc Drivers/STM32F4xx_HAL_Driver/Src/stm32f4xx_hal_gpio.o
                                      0x7fe4d (size before relaxing)
 .debug_str     0x00000000000853d6      0x233 Drivers/STM32F4xx_HAL_Driver/Src/stm32f4xx_hal_rcc.o
                                      0x80022 (size before relaxing)
 .debug_str     0x0000000000085609      0x588 Drivers/STM32F4xx_HAL_Driver/Src/stm32f4xx_hal_spi.o
                                      0x804a6 (size before relaxing)
 .debug_str     0x0000000000085b91      0x516 Drivers/STM32F4xx_HAL_Driver/Src/stm32f4xx_hal_uart.o
                                      0x804bf (size before relaxing)
 .debug_str     0x00000000000860a7     0x6d88 TMC5130/tmc5160.o
                                      0x8a7c3 (size before relaxing)
 .debug_str     0x000000000008ce2f       0x20 TMC5130/tmc5160_io.o
                                      0x80fc4 (size before relaxing)

.comment        0x0000000000000000       0x7b
 .comment       0x0000000000000000       0x7b App/app_main.o
                                         0x7c (size before relaxing)
 .comment       0x000000000000007b       0x7c Core/Src/gpio.o
 .comment       0x000000000000007b       0x7c Core/Src/main.o
 .comment       0x000000000000007b       0x7c Core/Src/spi.o
 .comment       0x000000000000007b       0x7c Core/Src/stm32f4xx_hal_msp.o
 .comment       0x000000000000007b       0x7c Core/Src/stm32f4xx_it.o
 .comment       0x000000000000007b       0x7c Core/Src/system_stm32f4xx.o
 .comment       0x000000000000007b       0x7c Core/Src/usart.o
 .comment       0x000000000000007b       0x7c Drivers/STM32F4xx_HAL_Driver/Src/stm32f4xx_hal.o
 .comment       0x000000000000007b       0x7c Drivers/STM32F4xx_HAL_Driver/Src/stm32f4xx_hal_cortex.o
 .comment       0x000000000000007b       0x7c Drivers/STM32F4xx_HAL_Driver/Src/stm32f4xx_hal_gpio.o
 .comment       0x000000000000007b       0x7c Drivers/STM32F4xx_HAL_Driver/Src/stm32f4xx_hal_rcc.o
 .comment       0x000000000000007b       0x7c Drivers/STM32F4xx_HAL_Driver/Src/stm32f4xx_hal_spi.o
 .comment       0x000000000000007b       0x7c Drivers/STM32F4xx_HAL_Driver/Src/stm32f4xx_hal_uart.o
 .comment       0x000000000000007b       0x7c TMC5130/tmc5160.o
 .comment       0x000000000000007b       0x7c TMC5130/tmc5160_io.o

.debug_frame    0x0000000000000000     0x205c
 .debug_frame   0x0000000000000000       0x30 App/app_main.o
 .debug_frame   0x0000000000000030       0x38 Core/Src/gpio.o
 .debug_frame   0x0000000000000068       0x68 Core/Src/main.o
 .debug_frame   0x00000000000000d0       0x6c Core/Src/spi.o
 .debug_frame   0x000000000000013c       0x28 Core/Src/stm32f4xx_hal_msp.o
 .debug_frame   0x0000000000000164       0xa0 Core/Src/stm32f4xx_it.o
 .debug_frame   0x0000000000000204       0x30 Core/Src/system_stm32f4xx.o
 .debug_frame   0x0000000000000234       0x64 Core/Src/usart.o
 .debug_frame   0x0000000000000298      0x1f4 Drivers/STM32F4xx_HAL_Driver/Src/stm32f4xx_hal.o
 .debug_frame   0x000000000000048c      0x18c Drivers/STM32F4xx_HAL_Driver/Src/stm32f4xx_hal_cortex.o
 .debug_frame   0x0000000000000618      0x110 Drivers/STM32F4xx_HAL_Driver/Src/stm32f4xx_hal_gpio.o
 .debug_frame   0x0000000000000728      0x18c Drivers/STM32F4xx_HAL_Driver/Src/stm32f4xx_hal_rcc.o
 .debug_frame   0x00000000000008b4      0x5ec Drivers/STM32F4xx_HAL_Driver/Src/stm32f4xx_hal_spi.o
 .debug_frame   0x0000000000000ea0      0x560 Drivers/STM32F4xx_HAL_Driver/Src/stm32f4xx_hal_uart.o
 .debug_frame   0x0000000000001400      0xb14 TMC5130/tmc5160.o
 .debug_frame   0x0000000000001f14       0xbc TMC5130/tmc5160_io.o
 .debug_frame   0x0000000000001fd0       0x2c c:/st/stm32cubeide_1.5.0/stm32cubeide/plugins/com.st.stm32cube.ide.mcu.externaltools.gnu-tools-for-stm32.7-2018-q2-update.win32_1.5.0.202011040924/tools/bin/../lib/gcc/arm-none-eabi/7.3.1/../../../../arm-none-eabi/lib/thumb/v7e-m/fpv4-sp/hard\libc_nano.a(lib_a-init.o)
 .debug_frame   0x0000000000001ffc       0x2c c:/st/stm32cubeide_1.5.0/stm32cubeide/plugins/com.st.stm32cube.ide.mcu.externaltools.gnu-tools-for-stm32.7-2018-q2-update.win32_1.5.0.202011040924/tools/bin/../lib/gcc/arm-none-eabi/7.3.1/thumb/v7e-m/fpv4-sp/hard\libgcc.a(_aeabi_uldivmod.o)
 .debug_frame   0x0000000000002028       0x34 c:/st/stm32cubeide_1.5.0/stm32cubeide/plugins/com.st.stm32cube.ide.mcu.externaltools.gnu-tools-for-stm32.7-2018-q2-update.win32_1.5.0.202011040924/tools/bin/../lib/gcc/arm-none-eabi/7.3.1/thumb/v7e-m/fpv4-sp/hard\libgcc.a(_udivmoddi4.o)

.debug_loc      0x0000000000000000     0x7458
 .debug_loc     0x0000000000000000       0x42 Core/Src/spi.o
 .debug_loc     0x0000000000000042      0x14c Core/Src/system_stm32f4xx.o
 .debug_loc     0x000000000000018e       0x42 Core/Src/usart.o
 .debug_loc     0x00000000000001d0      0x107 Drivers/STM32F4xx_HAL_Driver/Src/stm32f4xx_hal.o
 .debug_loc     0x00000000000002d7      0x6ed Drivers/STM32F4xx_HAL_Driver/Src/stm32f4xx_hal_cortex.o
 .debug_loc     0x00000000000009c4      0x6f9 Drivers/STM32F4xx_HAL_Driver/Src/stm32f4xx_hal_gpio.o
 .debug_loc     0x00000000000010bd      0x3da Drivers/STM32F4xx_HAL_Driver/Src/stm32f4xx_hal_rcc.o
 .debug_loc     0x0000000000001497     0x2873 Drivers/STM32F4xx_HAL_Driver/Src/stm32f4xx_hal_spi.o
 .debug_loc     0x0000000000003d0a     0x16c0 Drivers/STM32F4xx_HAL_Driver/Src/stm32f4xx_hal_uart.o
 .debug_loc     0x00000000000053ca     0x1e43 TMC5130/tmc5160.o
 .debug_loc     0x000000000000720d      0x24b TMC5130/tmc5160_io.o
