tmc5160.c:13:6:TMC5160_Run	16	static
tmc5160.c:22:6:TMC5160_stop	8	static
tmc5160.c:28:6:TMC5160_Move_To	16	static
tmc5160.c:41:6:TMC5160_Move	16	static
tmc5160.c:50:9:TMC5160_Get_Target_Position	0	static
tmc5160.c:55:6:TMC5160_Set_Target_Position	0	static
tmc5160.c:61:9:TMC5160_Get_Actual_Position	0	static
tmc5160.c:66:6:TMC5160_Set_Actual_Position	0	static
tmc5160.c:72:9:TMC5160_Get_Target_Speed	0	static
tmc5160.c:77:6:TMC5160_Set_Target_Speed	0	static
tmc5160.c:83:9:TMC5160_Get_Actual_Speed	8	static
tmc5160.c:90:9:TMC5160_Get_VEL_MAX	0	static
tmc5160.c:95:6:TMC5160_Set_VEL_MAX	16	static
tmc5160.c:103:9:TMC5160_Get_ACC_MAX	0	static
tmc5160.c:108:6:TMC5160_Set_ACC_MAX	0	static
tmc5160.c:114:9:TMC5160_Get_I_MAX	8	static
tmc5160.c:119:6:TMC5160_Set_I_MAX	16	static
tmc5160.c:125:9:TMC5160_Get_I_STBY	8	static
tmc5160.c:130:6:TMC5160_Set_I_STBY	16	static
tmc5160.c:136:9:TMC5160_Get_Position_Flag	8	static
tmc5160.c:142:9:TMC5160_Get_VREF	0	static
tmc5160.c:147:6:TMC5160_Set_VREF	0	static
tmc5160.c:161:9:TMC5160_Get_Right_Endstop	8	static
tmc5160.c:167:9:TMC5160_Get_Left_Endstop	8	static
tmc5160.c:173:9:TMC5160_Get_Auto_Right_Stop	8	static
tmc5160.c:178:6:TMC5160_Set_Auto_Right_Stop	16	static
tmc5160.c:188:9:TMC5160_Get_Auto_Left_Stop	8	static
tmc5160.c:193:6:TMC5160_Set_Auto_Left_Stop	16	static
tmc5160.c:203:9:TMC5160_Get_SW_MODE	0	static
tmc5160.c:208:6:TMC5160_Set_SW_MODE	0	static
tmc5160.c:214:9:TMC5160_Get_ACC_A1	0	static
tmc5160.c:219:6:TMC5160_Set_ACC_A1	0	static
tmc5160.c:225:9:TMC5160_Get_VEL_V1	0	static
tmc5160.c:230:6:TMC5160_Set_VEL_V1	0	static
tmc5160.c:236:9:TMC5160_Get_DEC_MAX	0	static
tmc5160.c:241:6:TMC5160_Set_DEC_MAX	0	static
tmc5160.c:247:9:TMC5160_Get_DEC_D1	0	static
tmc5160.c:252:6:TMC5160_Set_DEC_D1	0	static
tmc5160.c:258:9:TMC5160_Get_VEL_Start	0	static
tmc5160.c:263:6:TMC5160_Set_VEL_Start	0	static
tmc5160.c:269:9:TMC5160_Get_VEL_Stop	0	static
tmc5160.c:274:6:TMC5160_Set_VEL_Stop	0	static
tmc5160.c:280:9:TMC5160_Get_Wait_Time_Ramp_Down	0	static
tmc5160.c:285:6:TMC5160_Set_Wait_Time_Ramp_Down	0	static
tmc5160.c:291:9:TMC5160_Get_SE_HSpeed_THRESH	8	static
tmc5160.c:297:6:TMC5160_Set_SE_HSpeed_THRESH	0	static
tmc5160.c:304:9:TMC5160_Get_MIN_Speed_dcStep	0	static
tmc5160.c:309:6:TMC5160_Set_MIN_Speed_dcStep	0	static
tmc5160.c:315:9:TMC5160_Get_HS_Chopper_Mode	8	static
tmc5160.c:320:6:TMC5160_Set_HS_Chopper_Mode	16	static
tmc5160.c:326:9:TMC5160_Get_FS_Mode	8	static
tmc5160.c:331:6:TMC5160_Set_FS_Mode	16	static
tmc5160.c:337:9:TMC5160_Get_Measured_Speed	0	static
tmc5160.c:344:9:TMC5160_Get_Ramp_Type	8	static
tmc5160.c:349:6:TMC5160_Set_Ramp_Type	16	static
tmc5160.c:355:9:TMC5160_Get_Analog_I_Scale	0	static
tmc5160.c:360:6:TMC5160_Set_Analog_I_Scale	0	static
tmc5160.c:366:9:TMC5160_Get_Internal_RSense	0	static
tmc5160.c:371:6:TMC5160_Set_Internal_RSense	0	static
tmc5160.c:377:9:TMC5160_Get_Microstep_Resolution	8	static
tmc5160.c:382:6:TMC5160_Set_Microstep_Resolution	0	static
tmc5160.c:428:9:TMC5160_Get_Chopper_Blank_Time	8	static
tmc5160.c:433:6:TMC5160_Set_Chopper_Blank_Time	16	static
tmc5160.c:439:9:TMC5160_Get_CONST_Toff_Mode	8	static
tmc5160.c:444:6:TMC5160_Set_CONST_Toff_Mode	16	static
tmc5160.c:450:9:TMC5160_Get_FD_COMP	8	static
tmc5160.c:455:6:TMC5160_Set_FD_COMP	16	static
tmc5160.c:461:9:TMC5160_Get_Chopper_HYS_FD_Time	8	static
tmc5160.c:475:6:TMC5160_Set_Chopper_HYS_FD_Time	16	static
tmc5160.c:498:9:TMC5160_Get_Chopper_HYS_Sine_Offset	8	static
tmc5160.c:512:6:TMC5160_Set_Chopper_HYS_Sine_Offset	16	static
tmc5160.c:525:9:TMC5160_Get_Chopper_TOff	8	static
tmc5160.c:530:6:TMC5160_Set_Chopper_TOff	16	static
tmc5160.c:536:9:TMC5160_Get_SE_I_MIN	8	static
tmc5160.c:541:6:TMC5160_Set_SE_I_MIN	16	static
tmc5160.c:547:9:TMC5160_Get_SE_I_DWN_Step	8	static
tmc5160.c:552:6:TMC5160_Set_SE_I_DWN_Step	16	static
tmc5160.c:558:9:TMC5160_Get_SE_HYS	8	static
tmc5160.c:563:6:TMC5160_Set_SE_HYS	16	static
tmc5160.c:569:9:TMC5160_Get_SE_I_UP_Step	8	static
tmc5160.c:574:6:TMC5160_Set_SE_I_UP_Step	16	static
tmc5160.c:580:9:TMC5160_Get_SE_HYS_Start	8	static
tmc5160.c:585:6:TMC5160_Set_SE_HYS_Start	16	static
tmc5160.c:591:9:TMC5160_Get_stallGuard2_Filter	8	static
tmc5160.c:596:6:TMC5160_Set_stallGuard2_Filter	16	static
tmc5160.c:602:9:TMC5160_Get_stallGuard2_THRESH	8	static
tmc5160.c:608:6:TMC5160_Set_stallGuard2_THRESH	16	static
tmc5160.c:614:9:TMC5160_Get_VSense	8	static
tmc5160.c:619:6:TMC5160_Set_VSense	16	static
tmc5160.c:625:9:TMC5160_Get_SE_Actual_I	8	static
tmc5160.c:632:9:TMC5160_Get_SE_VEL_Stall	8	static
tmc5160.c:643:6:TMC5160_Set_SE_VEL_Stall	16	static
tmc5160.c:651:9:TMC5160_Get_SE_Speed_THRESH	8	static
tmc5160.c:657:6:TMC5160_Set_SE_Speed_THRESH	0	static
tmc5160.c:664:9:TMC5160_Get_Random_TOff_Mode	8	static
tmc5160.c:669:6:TMC5160_Set_Random_TOff_Mode	16	static
tmc5160.c:675:9:TMC5160_Get_Chopper_SYNC	0	static
tmc5160.c:681:6:TMC5160_Set_Chopper_SYNC	0	static
tmc5160.c:688:9:TMC5160_Get_PWM_THRESH_Speed	8	static
tmc5160.c:694:6:TMC5160_Set_PWM_THRESH_Speed	0	static
tmc5160.c:701:9:TMC5160_Get_PWM_Gradient	8	static
tmc5160.c:706:6:TMC5160_Set_PWM_Gradient	16	static
tmc5160.c:713:9:TMC5160_Get_PWM_Amplitude	0	static
tmc5160.c:719:6:TMC5160_Set_PWM_Amplitude	16	static
tmc5160.c:725:9:TMC5160_Get_PWM_FREQ	8	static
tmc5160.c:730:6:TMC5160_Set_PWM_FREQ	16	static
tmc5160.c:743:9:TMC5160_Get_PWM_Auto_Scale	8	static
tmc5160.c:748:6:TMC5160_Set_PWM_Auto_Scale	16	static
tmc5160.c:761:9:TMC5160_Get_Freewheeling_Mode	8	static
tmc5160.c:766:6:TMC5160_Set_Freewheeling_Mode	16	static
tmc5160.c:772:9:TMC5160_Get_Load_Value	8	static
tmc5160.c:778:9:TMC5160_Get_Encoder_Position	0	static
tmc5160.c:783:6:TMC5160_Set_Encoder_Position	0	static
tmc5160.c:789:9:TMC5160_Get_Encoder_Resolution	0	static
tmc5160.c:794:6:TMC5160_Set_Encoder_Resolution	0	static
